// Jest Snapshot v1, https://goo.gl/fbAQLP

exports[`ServiceCard matches the snapshot 1`] = `
<DocumentFragment>
  <div
    class="MuiPaper-root MuiPaper-elevation MuiPaper-rounded MuiPaper-elevation1 css-15m38mt-MuiPaper-root"
  >
    <div
      class="MuiBox-root css-1sw2ahh"
    >
      <img
        alt="SVG"
        height="60"
        src="../assets/svg/dropbox.svg"
        width="60"
      />
    </div>
    <div
      class="MuiBox-root css-1qm1lh"
    >
      <h6
        class="MuiTypography-root MuiTypography-subtitle2 MuiTypography-gutterBottom css-1oxen2w-MuiTypography-root"
      >
        Snapshot Test
      </h6>
      <div
        class="MuiBox-root css-wszdhj"
      >
        <p
          class="MuiTypography-root MuiTypography-body2 css-r40f8v-MuiTypography-root"
        >
          Snapshot description
        </p>
      </div>
    </div>
    <button
      class="MuiButtonBase-root MuiButton-root MuiButton-outlined MuiButton-outlinedPrimary MuiButton-sizeMedium MuiButton-outlinedSizeMedium MuiButton-colorPrimary MuiButton-root MuiButton-outlined MuiButton-outlinedPrimary MuiButton-sizeMedium MuiButton-outlinedSizeMedium MuiButton-colorPrimary css-1gopn71-MuiButtonBase-root-MuiButton-root"
      tabindex="0"
      type="button"
    >
      Read More
      <span
        class="MuiTouchRipple-root css-8je8zh-MuiTouchRipple-root"
      />
    </button>
  </div>
</DocumentFragment>
`;
